// Jest Snapshot v1, https://goo.gl/fbAQLP

exports[`renders correctly 1`] = `
<header
  className="w-full p-2 bg-blue-400"
>
  a
</header>
`;
